// Jest Snapshot v1, https://goo.gl/fbAQLP

exports[`<Nav/> renders a minimal nav when signed out 1`] = `
<div>
  <ul
    class="NavStyles-sc-11c0d2g-0 jsRUpl"
  >
    <a
      href="/products"
    >
      Shop
    </a>
    <a
      href="/signin"
    >
      Sign in
    </a>
  </ul>
</div>
`;
